I'm sorry, but errors were detected in your script. Please correct the
errors listed below, and try again.


File "game/login.rpy", line 2: expected a keyword argument or child statement.
    "Login Successful!"
    ^

Ren'Py Version: Ren'Py 8.0.3.22090809
Fri May 26 15:45:41 2023
